379,460,802,912,1061,1386,1414,1528,1798,2153,2261,2331,2338,2359,2445,2651,2999,3125,3221,3317,3858,3865,4018,4118,4215,4392,4431,4523,4530,4980 
Ok
