Entra un enter: -393482
Entra un real: -8.29304
Entra un caracter: [
Entra un boolea: Cert
