5,6,8,9,10,19,23,34,38,38,40,47,47,48,53,56,58,58,64,66,76,78,79,83,84,89,90,92,93,94 
