Cert
Fals
Cert
Fals
resultat boolean operator priority test:Fals
aixo hauria de donar 3:3
13 124.0 caracter: _Fals
3.14159 7O_123.0777
Aixo ha de sortir
Aixo ha de sortir
i=1
i=2
i=3
i=4
i=5
i=6
i=7
i=8
i=9
i=10
i=11
i=10
i=9
i=8
i=7
i=6
i=5
i=4
i=3
i=2
1
