1.234
-0.7534
3.1415927
-100000.0
0.0
-0.0
5.0E-4

