Cert
Cert
Cert
Cert
Cert
Cert
Cert
Cert
Falsos:
Fals
Fals
Fals
Fals
Fals
Fals
Fals
Fals
Cert
Cert
Cert
Cert
Cert
Cert
Cert
Cert
Falsos:
Fals
Fals
Fals
Fals
Fals
Fals
Fals
Fals
Cert
Fals
Fals
Cert
Cert
Cert
Fals
Fals
