16.065
Han de ser Cert:
Cert
Fals
Cert
Cert
Cert
Cert
Han de ser Fals:
Fals
Fals
Fals
0
1
2
3
4
5
6
7
8
9
DEBUGING
Cert
Cert
Cert
Cert
