9.1234
3.14159
O_
1
2
3
4
5
6
7

22
8
24.6
15
2
26
5
Fals
Cert
0
0
iteracio
iteracio
iteracio
no tres
